127.0.0.1 - - [30/Oct/2015:08:48:35 +0800] "GET / HTTP/1.1" 404 951
0:0:0:0:0:0:0:1 - - [30/Oct/2015:08:48:42 +0800] "GET /helloWAR HTTP/1.1" 404 949
0:0:0:0:0:0:0:1 - - [30/Oct/2015:08:48:45 +0800] "GET /helloWAR/ HTTP/1.1" 404 949
0:0:0:0:0:0:0:1 - - [30/Oct/2015:08:49:11 +0800] "GET /hello/ HTTP/1.1" 404 963
0:0:0:0:0:0:0:1 - - [30/Oct/2015:08:49:15 +0800] "GET /helloWAR/hello HTTP/1.1" 404 949
0:0:0:0:0:0:0:1 - - [30/Oct/2015:08:49:26 +0800] "GET /helloWAR/hello HTTP/1.1" 404 949
0:0:0:0:0:0:0:1 - - [30/Oct/2015:08:49:29 +0800] "GET /hello/hello HTTP/1.1" 404 973
127.0.0.1 - - [30/Oct/2015:08:50:36 +0800] "GET / HTTP/1.1" 404 951
0:0:0:0:0:0:0:1 - - [30/Oct/2015:08:50:42 +0800] "GET /hello/hello HTTP/1.1" 404 973
0:0:0:0:0:0:0:1 - - [30/Oct/2015:08:50:43 +0800] "GET /hello/hello HTTP/1.1" 404 973
0:0:0:0:0:0:0:1 - - [30/Oct/2015:08:50:47 +0800] "GET /helloWAR/hello HTTP/1.1" 404 949
0:0:0:0:0:0:0:1 - - [30/Oct/2015:08:50:50 +0800] "GET /helloWAR/hello/ HTTP/1.1" 404 949
0:0:0:0:0:0:0:1 - - [30/Oct/2015:08:50:52 +0800] "GET /helloWAR/hello HTTP/1.1" 404 949
0:0:0:0:0:0:0:1 - - [30/Oct/2015:08:50:54 +0800] "GET /helloWAR/hello.jsp HTTP/1.1" 404 949
0:0:0:0:0:0:0:1 - - [30/Oct/2015:08:50:57 +0800] "GET /helloWAR/hello HTTP/1.1" 404 949
127.0.0.1 - - [30/Oct/2015:08:52:40 +0800] "GET / HTTP/1.1" 404 951
0:0:0:0:0:0:0:1 - - [30/Oct/2015:08:53:13 +0800] "GET /helloWAR/hello HTTP/1.1" 404 949
127.0.0.1 - - [30/Oct/2015:08:57:58 +0800] "GET / HTTP/1.1" 404 951
127.0.0.1 - - [30/Oct/2015:08:59:48 +0800] "GET / HTTP/1.1" 404 951
127.0.0.1 - - [30/Oct/2015:09:00:11 +0800] "GET / HTTP/1.1" 404 951
0:0:0:0:0:0:0:1 - - [30/Oct/2015:09:03:56 +0800] "GET /helloWAR/hello HTTP/1.1" 404 949
127.0.0.1 - - [30/Oct/2015:09:05:23 +0800] "GET / HTTP/1.1" 404 951
0:0:0:0:0:0:0:1 - - [30/Oct/2015:09:05:37 +0800] "GET /helloWAR/hello HTTP/1.1" 200 124
0:0:0:0:0:0:0:1 - - [30/Oct/2015:09:06:35 +0800] "GET /helloWAR/hello HTTP/1.1" 404 949
0:0:0:0:0:0:0:1 - - [30/Oct/2015:09:06:36 +0800] "GET /helloWAR/hello HTTP/1.1" 404 949
127.0.0.1 - - [30/Oct/2015:09:08:04 +0800] "GET / HTTP/1.1" 404 951
0:0:0:0:0:0:0:1 - - [30/Oct/2015:09:09:58 +0800] "GET /helloWAR/hello/print HTTP/1.1" 404 949
127.0.0.1 - - [30/Oct/2015:09:10:05 +0800] "GET / HTTP/1.1" 404 951
0:0:0:0:0:0:0:1 - - [30/Oct/2015:09:10:08 +0800] "GET /helloWAR/hello/print HTTP/1.1" 404 949
0:0:0:0:0:0:0:1 - - [30/Oct/2015:09:10:10 +0800] "GET /helloWAR/hello/print HTTP/1.1" 404 949
127.0.0.1 - - [30/Oct/2015:09:10:57 +0800] "GET / HTTP/1.1" 404 951
0:0:0:0:0:0:0:1 - - [30/Oct/2015:09:11:01 +0800] "GET /helloWAR/hello HTTP/1.1" 200 124
127.0.0.1 - - [30/Oct/2015:09:11:21 +0800] "GET / HTTP/1.1" 404 951
0:0:0:0:0:0:0:1 - - [30/Oct/2015:09:11:29 +0800] "GET /helloWAR/hello/print HTTP/1.1" 404 949
127.0.0.1 - - [30/Oct/2015:09:11:46 +0800] "GET / HTTP/1.1" 404 951
0:0:0:0:0:0:0:1 - - [30/Oct/2015:09:11:49 +0800] "GET /helloWAR/hello/print HTTP/1.1" 404 949
127.0.0.1 - - [30/Oct/2015:09:12:46 +0800] "GET / HTTP/1.1" 404 951
0:0:0:0:0:0:0:1 - - [30/Oct/2015:09:16:34 +0800] "GET /helloWAR/hello/print.do HTTP/1.1" 404 949
0:0:0:0:0:0:0:1 - - [30/Oct/2015:09:16:36 +0800] "GET /helloWAR/hello/print.do HTTP/1.1" 404 949
127.0.0.1 - - [30/Oct/2015:09:16:47 +0800] "GET / HTTP/1.1" 404 951
0:0:0:0:0:0:0:1 - - [30/Oct/2015:09:16:57 +0800] "GET /helloWAR/hello/print.do HTTP/1.1" 404 949
127.0.0.1 - - [30/Oct/2015:09:23:09 +0800] "GET / HTTP/1.1" 404 951
127.0.0.1 - - [30/Oct/2015:09:25:53 +0800] "GET / HTTP/1.1" 404 951
0:0:0:0:0:0:0:1 - - [30/Oct/2015:09:26:00 +0800] "GET /helloWAR/hello/print HTTP/1.1" 404 991
0:0:0:0:0:0:0:1 - - [30/Oct/2015:09:26:04 +0800] "GET /helloWAR/hello/print.do HTTP/1.1" 404 949
127.0.0.1 - - [30/Oct/2015:09:27:03 +0800] "GET / HTTP/1.1" 404 951
0:0:0:0:0:0:0:1 - - [30/Oct/2015:09:27:16 +0800] "GET /helloWAR/hello/print.do HTTP/1.1" 404 949
0:0:0:0:0:0:0:1 - - [30/Oct/2015:09:27:17 +0800] "GET /helloWAR/hello/print.do HTTP/1.1" 404 949
127.0.0.1 - - [30/Oct/2015:09:27:31 +0800] "GET / HTTP/1.1" 404 951
0:0:0:0:0:0:0:1 - - [30/Oct/2015:09:27:43 +0800] "GET /helloWAR/hello.do HTTP/1.1" 200 124
127.0.0.1 - - [30/Oct/2015:09:28:46 +0800] "GET / HTTP/1.1" 404 951
0:0:0:0:0:0:0:1 - - [30/Oct/2015:09:28:48 +0800] "GET /helloWAR/hello.do HTTP/1.1" 404 949
0:0:0:0:0:0:0:1 - - [30/Oct/2015:09:28:51 +0800] "GET /helloWAR/hello HTTP/1.1" 404 979
0:0:0:0:0:0:0:1 - - [30/Oct/2015:09:28:57 +0800] "GET /helloWAR/hello/print.do HTTP/1.1" 200 124
127.0.0.1 - - [30/Oct/2015:09:34:09 +0800] "GET / HTTP/1.1" 404 951
127.0.0.1 - - [30/Oct/2015:09:55:46 +0800] "GET / HTTP/1.1" 404 951
127.0.0.1 - - [30/Oct/2015:09:56:14 +0800] "GET / HTTP/1.1" 404 951
127.0.0.1 - - [30/Oct/2015:09:57:20 +0800] "GET / HTTP/1.1" 404 951
0:0:0:0:0:0:0:1 - - [30/Oct/2015:09:57:59 +0800] "GET /FormHandlingExampleWAR/hello/print HTTP/1.1" 200 124
127.0.0.1 - - [30/Oct/2015:10:03:43 +0800] "GET / HTTP/1.1" 404 951
0:0:0:0:0:0:0:1 - - [30/Oct/2015:10:03:48 +0800] "GET /FormHandlingExampleWAR/ HTTP/1.1" 404 949
0:0:0:0:0:0:0:1 - - [30/Oct/2015:10:03:55 +0800] "GET /FormHandlingExampleWAR/student HTTP/1.1" 200 853
0:0:0:0:0:0:0:1 - - [30/Oct/2015:10:04:00 +0800] "GET /FormHandlingExampleWAR/addStudent HTTP/1.1" 405 1045
0:0:0:0:0:0:0:1 - - [30/Oct/2015:10:04:05 +0800] "GET /FormHandlingExampleWAR/student HTTP/1.1" 200 853
0:0:0:0:0:0:0:1 - - [30/Oct/2015:10:04:15 +0800] "POST /HelloWeb/addStudent HTTP/1.1" 404 989
127.0.0.1 - - [30/Oct/2015:10:04:43 +0800] "GET / HTTP/1.1" 404 951
0:0:0:0:0:0:0:1 - - [30/Oct/2015:10:04:49 +0800] "GET /HelloWeb/student HTTP/1.1" 404 983
0:0:0:0:0:0:0:1 - - [30/Oct/2015:10:05:10 +0800] "GET /FormHandlingExampleWAR/student HTTP/1.1" 200 853
0:0:0:0:0:0:0:1 - - [30/Oct/2015:10:05:13 +0800] "POST /HelloWeb/addStudent HTTP/1.1" 404 989
127.0.0.1 - - [30/Oct/2015:10:06:12 +0800] "GET / HTTP/1.1" 404 951
0:0:0:0:0:0:0:1 - - [30/Oct/2015:10:08:57 +0800] "GET /FormHandlingExampleWAR/student HTTP/1.1" 200 844
0:0:0:0:0:0:0:1 - - [30/Oct/2015:10:09:06 +0800] "POST /addStudent HTTP/1.1" 404 971
0:0:0:0:0:0:0:1 - - [30/Oct/2015:10:09:24 +0800] "GET /FormHandlingExampleWAR/student HTTP/1.1" 500 4069
0:0:0:0:0:0:0:1 - - [30/Oct/2015:10:09:39 +0800] "GET /FormHandlingExampleWAR/student HTTP/1.1" 500 4069
0:0:0:0:0:0:0:1 - - [30/Oct/2015:10:09:53 +0800] "GET /FormHandlingExampleWAR/student HTTP/1.1" 500 4069
0:0:0:0:0:0:0:1 - - [30/Oct/2015:10:10:33 +0800] "GET /FormHandlingExampleWAR/student HTTP/1.1" 200 867
0:0:0:0:0:0:0:1 - - [30/Oct/2015:10:11:08 +0800] "GET /FormHandlingExampleWAR/student HTTP/1.1" 200 867
0:0:0:0:0:0:0:1 - - [30/Oct/2015:10:11:13 +0800] "POST /FormHandlingExampleWAR/addStudent HTTP/1.1" 400 968
0:0:0:0:0:0:0:1 - - [30/Oct/2015:10:11:58 +0800] "POST /FormHandlingExampleWAR/addStudent HTTP/1.1" 200 468
0:0:0:0:0:0:0:1 - - [30/Oct/2015:10:23:26 +0800] "GET /FormHandlingExampleWAR/student HTTP/1.1" 200 867
0:0:0:0:0:0:0:1 - - [30/Oct/2015:10:25:44 +0800] "GET /FormHandlingExampleWAR/student HTTP/1.1" 200 867
127.0.0.1 - - [30/Oct/2015:10:25:51 +0800] "GET / HTTP/1.1" 404 951
0:0:0:0:0:0:0:1 - - [30/Oct/2015:10:25:54 +0800] "GET /FormHandlingExampleWAR/student HTTP/1.1" 200 867
0:0:0:0:0:0:0:1 - - [30/Oct/2015:10:26:01 +0800] "POST /FormHandlingExampleWAR/addStudent HTTP/1.1" 200 463
0:0:0:0:0:0:0:1 - - [30/Oct/2015:10:36:37 +0800] "GET /FormHandlingExampleWAR/student HTTP/1.1" 200 867
0:0:0:0:0:0:0:1 - - [30/Oct/2015:10:36:43 +0800] "POST /FormHandlingExampleWAR/addStudent HTTP/1.1" 200 463
0:0:0:0:0:0:0:1 - - [30/Oct/2015:10:37:10 +0800] "POST /FormHandlingExampleWAR/addStudent HTTP/1.1" 200 463
0:0:0:0:0:0:0:1 - - [30/Oct/2015:10:37:26 +0800] "POST /FormHandlingExampleWAR/addStudent HTTP/1.1" 200 463
0:0:0:0:0:0:0:1 - - [30/Oct/2015:10:38:53 +0800] "POST /FormHandlingExampleWAR/addStudent HTTP/1.1" 200 463
0:0:0:0:0:0:0:1 - - [30/Oct/2015:10:40:01 +0800] "POST /FormHandlingExampleWAR/addStudent HTTP/1.1" 200 463
0:0:0:0:0:0:0:1 - - [30/Oct/2015:10:40:18 +0800] "POST /FormHandlingExampleWAR/addStudent HTTP/1.1" 200 463
0:0:0:0:0:0:0:1 - - [30/Oct/2015:11:03:46 +0800] "GET /FormHandlingExampleWAR/rest/test HTTP/1.1" 404 1047
0:0:0:0:0:0:0:1 - - [30/Oct/2015:11:03:49 +0800] "GET /FormHandlingExampleWAR/rest/test HTTP/1.1" 404 1047
0:0:0:0:0:0:0:1 - - [30/Oct/2015:11:04:06 +0800] "GET /FormHandlingExampleWAR/rest/test HTTP/1.1" 404 1047
0:0:0:0:0:0:0:1 - - [30/Oct/2015:11:04:09 +0800] "GET /FormHandlingExampleWAR/student HTTP/1.1" 200 867
0:0:0:0:0:0:0:1 - - [30/Oct/2015:11:04:14 +0800] "GET /FormHandlingExampleWAR/rest/test HTTP/1.1" 404 1047
0:0:0:0:0:0:0:1 - - [30/Oct/2015:11:05:40 +0800] "GET /FormHandlingExampleWAR/rest/test HTTP/1.1" 406 1067
0:0:0:0:0:0:0:1 - - [30/Oct/2015:11:05:45 +0800] "GET /FormHandlingExampleWAR/rest/test HTTP/1.1" 406 1067
0:0:0:0:0:0:0:1 - - [30/Oct/2015:11:10:11 +0800] "GET /FormHandlingExampleWAR/students HTTP/1.1" 406 1067
0:0:0:0:0:0:0:1 - - [30/Oct/2015:11:10:13 +0800] "GET /FormHandlingExampleWAR/students HTTP/1.1" 406 1067
0:0:0:0:0:0:0:1 - - [30/Oct/2015:11:13:33 +0800] "GET /FormHandlingExampleWAR/students HTTP/1.1" 500 3745
0:0:0:0:0:0:0:1 - - [30/Oct/2015:11:13:35 +0800] "GET /FormHandlingExampleWAR/students HTTP/1.1" 500 3745
0:0:0:0:0:0:0:1 - - [30/Oct/2015:11:13:43 +0800] "GET /FormHandlingExampleWAR/students HTTP/1.1" 406 1067
0:0:0:0:0:0:0:1 - - [30/Oct/2015:11:13:43 +0800] "GET /FormHandlingExampleWAR/students HTTP/1.1" 406 1067
0:0:0:0:0:0:0:1 - - [30/Oct/2015:11:14:16 +0800] "GET /FormHandlingExampleWAR/students HTTP/1.1" 406 1067
0:0:0:0:0:0:0:1 - - [30/Oct/2015:11:14:17 +0800] "GET /FormHandlingExampleWAR/students HTTP/1.1" 406 1067
0:0:0:0:0:0:0:1 - - [30/Oct/2015:11:14:17 +0800] "GET /FormHandlingExampleWAR/students HTTP/1.1" 406 1067
0:0:0:0:0:0:0:1 - - [30/Oct/2015:11:14:18 +0800] "GET /FormHandlingExampleWAR/students HTTP/1.1" 406 1067
0:0:0:0:0:0:0:1 - - [30/Oct/2015:11:14:18 +0800] "GET /FormHandlingExampleWAR/students HTTP/1.1" 406 1067
0:0:0:0:0:0:0:1 - - [30/Oct/2015:11:24:13 +0800] "GET /FormHandlingExampleWAR/students HTTP/1.1" 406 1067
0:0:0:0:0:0:0:1 - - [30/Oct/2015:11:24:35 +0800] "GET /FormHandlingExampleWAR/students HTTP/1.1" 406 1067
0:0:0:0:0:0:0:1 - - [30/Oct/2015:11:25:15 +0800] "GET /FormHandlingExampleWAR/students HTTP/1.1" 404 1045
0:0:0:0:0:0:0:1 - - [30/Oct/2015:11:25:16 +0800] "GET /FormHandlingExampleWAR/students HTTP/1.1" 404 1045
0:0:0:0:0:0:0:1 - - [30/Oct/2015:11:25:16 +0800] "GET /FormHandlingExampleWAR/students HTTP/1.1" 404 1045
0:0:0:0:0:0:0:1 - - [30/Oct/2015:11:25:16 +0800] "GET /FormHandlingExampleWAR/students HTTP/1.1" 404 1045
0:0:0:0:0:0:0:1 - - [30/Oct/2015:11:25:16 +0800] "GET /FormHandlingExampleWAR/students HTTP/1.1" 404 1045
0:0:0:0:0:0:0:1 - - [30/Oct/2015:11:25:16 +0800] "GET /FormHandlingExampleWAR/students HTTP/1.1" 404 1045
0:0:0:0:0:0:0:1 - - [30/Oct/2015:11:25:16 +0800] "GET /FormHandlingExampleWAR/students HTTP/1.1" 404 1045
0:0:0:0:0:0:0:1 - - [30/Oct/2015:11:25:16 +0800] "GET /FormHandlingExampleWAR/students HTTP/1.1" 404 1045
0:0:0:0:0:0:0:1 - - [30/Oct/2015:11:25:17 +0800] "GET /FormHandlingExampleWAR/students HTTP/1.1" 404 1045
127.0.0.1 - - [30/Oct/2015:11:28:09 +0800] "GET / HTTP/1.1" 404 951
127.0.0.1 - - [30/Oct/2015:11:33:01 +0800] "GET / HTTP/1.1" 404 951
0:0:0:0:0:0:0:1 - - [30/Oct/2015:11:33:06 +0800] "GET /FormHandlingExampleWAR/students HTTP/1.1" 404 949
0:0:0:0:0:0:0:1 - - [30/Oct/2015:11:33:09 +0800] "GET /FormHandlingExampleWAR/students.json HTTP/1.1" 406 1067
127.0.0.1 - - [30/Oct/2015:11:35:02 +0800] "GET / HTTP/1.1" 404 951
0:0:0:0:0:0:0:1 - - [30/Oct/2015:11:35:12 +0800] "GET /FormHandlingExampleWAR/students HTTP/1.1" 404 949
0:0:0:0:0:0:0:1 - - [30/Oct/2015:11:35:16 +0800] "GET /FormHandlingExampleWAR/students.jsp HTTP/1.1" 404 1021
127.0.0.1 - - [30/Oct/2015:11:35:27 +0800] "GET / HTTP/1.1" 404 951
0:0:0:0:0:0:0:1 - - [30/Oct/2015:11:35:29 +0800] "GET /FormHandlingExampleWAR/students HTTP/1.1" 406 1067
127.0.0.1 - - [30/Oct/2015:11:41:28 +0800] "GET / HTTP/1.1" 404 951
0:0:0:0:0:0:0:1 - - [30/Oct/2015:11:41:31 +0800] "GET /FormHandlingExampleWAR/students HTTP/1.1" 406 1067
0:0:0:0:0:0:0:1 - - [30/Oct/2015:11:41:54 +0800] "POST /FormHandlingExampleWAR/students HTTP/1.1" 406 1067
127.0.0.1 - - [30/Oct/2015:11:43:27 +0800] "GET / HTTP/1.1" 404 951
0:0:0:0:0:0:0:1 - - [30/Oct/2015:11:43:38 +0800] "GET /FormHandlingExampleWAR/students HTTP/1.1" 405 1045
0:0:0:0:0:0:0:1 - - [30/Oct/2015:11:43:42 +0800] "POST /FormHandlingExampleWAR/students HTTP/1.1" 500 4073
127.0.0.1 - - [30/Oct/2015:11:44:02 +0800] "GET / HTTP/1.1" 404 951
127.0.0.1 - - [30/Oct/2015:11:44:17 +0800] "GET / HTTP/1.1" 404 951
0:0:0:0:0:0:0:1 - - [30/Oct/2015:11:44:20 +0800] "GET /FormHandlingExampleWAR/students HTTP/1.1" 500 4071
127.0.0.1 - - [30/Oct/2015:11:45:49 +0800] "GET / HTTP/1.1" 404 951
0:0:0:0:0:0:0:1 - - [30/Oct/2015:11:45:52 +0800] "POST /FormHandlingExampleWAR/students HTTP/1.1" 405 1047
0:0:0:0:0:0:0:1 - - [30/Oct/2015:11:45:57 +0800] "GET /FormHandlingExampleWAR/students HTTP/1.1" 500 4079
0:0:0:0:0:0:0:1 - - [30/Oct/2015:11:46:03 +0800] "GET /FormHandlingExampleWAR/students HTTP/1.1" 500 4079
127.0.0.1 - - [30/Oct/2015:11:52:10 +0800] "GET / HTTP/1.1" 404 951
0:0:0:0:0:0:0:1 - - [30/Oct/2015:11:52:13 +0800] "GET /FormHandlingExampleWAR/students HTTP/1.1" 500 7090
0:0:0:0:0:0:0:1 - - [30/Oct/2015:11:55:06 +0800] "GET /FormHandlingExampleWAR/students HTTP/1.1" 200 15
0:0:0:0:0:0:0:1 - - [30/Oct/2015:11:55:15 +0800] "GET /FormHandlingExampleWAR/students HTTP/1.1" 200 15
127.0.0.1 - - [30/Oct/2015:11:55:29 +0800] "GET / HTTP/1.1" 404 951
0:0:0:0:0:0:0:1 - - [30/Oct/2015:11:55:34 +0800] "GET /FormHandlingExampleWAR/students HTTP/1.1" 200 15
0:0:0:0:0:0:0:1 - - [30/Oct/2015:11:56:35 +0800] "GET /FormHandlingExampleWAR/students HTTP/1.1" 200 15
127.0.0.1 - - [30/Oct/2015:11:57:42 +0800] "GET / HTTP/1.1" 404 951
0:0:0:0:0:0:0:1 - - [30/Oct/2015:11:57:45 +0800] "GET /FormHandlingExampleWAR/students HTTP/1.1" 404 1099
0:0:0:0:0:0:0:1 - - [30/Oct/2015:11:57:55 +0800] "GET /FormHandlingExampleWAR/students HTTP/1.1" 200 15
0:0:0:0:0:0:0:1 - - [30/Oct/2015:12:01:57 +0800] "GET /FormHandlingExampleWAR/hello/students HTTP/1.1" 200 15
0:0:0:0:0:0:0:1 - - [30/Oct/2015:12:02:41 +0800] "GET /FormHandlingExampleWAR/hello HTTP/1.1" 404 949
0:0:0:0:0:0:0:1 - - [30/Oct/2015:12:02:43 +0800] "GET /FormHandlingExampleWAR/hello/ HTTP/1.1" 404 949
0:0:0:0:0:0:0:1 - - [30/Oct/2015:12:03:09 +0800] "GET /FormHandlingExampleWAR/hello/ HTTP/1.1" 200 15
0:0:0:0:0:0:0:1 - - [30/Oct/2015:12:06:51 +0800] "GET /FormHandlingExampleWAR/hello/ HTTP/1.1" 404 949
0:0:0:0:0:0:0:1 - - [30/Oct/2015:12:06:53 +0800] "GET /FormHandlingExampleWAR/hello/ HTTP/1.1" 404 949
0:0:0:0:0:0:0:1 - - [30/Oct/2015:12:07:05 +0800] "GET /FormHandlingExampleWAR/hello/students HTTP/1.1" 406 1067
0:0:0:0:0:0:0:1 - - [30/Oct/2015:12:07:36 +0800] "GET /FormHandlingExampleWAR/hello/students HTTP/1.1" 406 1067
0:0:0:0:0:0:0:1 - - [30/Oct/2015:12:07:38 +0800] "GET /FormHandlingExampleWAR/hello/students HTTP/1.1" 406 1067
0:0:0:0:0:0:0:1 - - [30/Oct/2015:12:07:39 +0800] "GET /FormHandlingExampleWAR/hello/students HTTP/1.1" 406 1067
0:0:0:0:0:0:0:1 - - [30/Oct/2015:12:07:39 +0800] "GET /FormHandlingExampleWAR/hello/students HTTP/1.1" 406 1067
0:0:0:0:0:0:0:1 - - [30/Oct/2015:12:07:39 +0800] "GET /FormHandlingExampleWAR/hello/students HTTP/1.1" 406 1067
0:0:0:0:0:0:0:1 - - [30/Oct/2015:12:07:39 +0800] "GET /FormHandlingExampleWAR/hello/students HTTP/1.1" 406 1067
0:0:0:0:0:0:0:1 - - [30/Oct/2015:12:07:58 +0800] "GET /FormHandlingExampleWAR/hello/students HTTP/1.1" 200 2
0:0:0:0:0:0:0:1 - - [30/Oct/2015:12:10:54 +0800] "GET /FormHandlingExampleWAR/hello/students/129263 HTTP/1.1" 200 2
